1.0
0.000368
0.427626
0.437521
0.592828
0.0
0.445881
1.0
0.29988
0.935208
