1.0
0.000368
0.427626
0.437521
0.592828
0.0
0.93204
1.0
0.11032
0.000617
